SQL> SET PAGES 200 LINES200;
SQL> -- HAVING CLAUSE ASSSIGNMENT
SQL> 
SQL> SELECT COUNT(*) ,DEPTNO
  2  FROM EMP
  3  GROUP BY DEPTNO
  4  HAVING COUNT(CLERK) =>3;
HAVING COUNT(CLERK) =>3
                     *
ERROR at line 4:
ORA-00936: missing expression 


SQL> ED
Wrote file afiedt.buf

  1  SELECT COUNT(DEPTNO)
  2  FROM EMP
  3  GROUP BY DEPTNO
  4* HAVING COUNT(CLERK) =>3
SQL> ED
Wrote file afiedt.buf

  1  SELECT COUNT(DEPTNO)
  2  FROM EMP
  3  GROUP BY DEPTNO
  4* HAVING COUNT(CLERK) =>3
SQL> /
HAVING COUNT(CLERK) =>3
                     *
ERROR at line 4:
ORA-00936: missing expression 


SQL> SELECT DEPTNO, COUNT(EMPNO)
  2  FROM EMP
  3  WHERE JOB = 'CLERK'
  4  GROUP BY DEPTNO
  5  HAVING (EMPNO) >= 3;
HAVING (EMPNO) >= 3
        *
ERROR at line 5:
ORA-00979: not a GROUP BY expression 


SQL> ED
Wrote file afiedt.buf

  1  SELECT DEPTNO, COUNT(EMPNO)
  2  FROM EMP
  3  WHERE JOB = 'CLERK'
  4  GROUP BY DEPTNO
  5* HAVING COUNT(EMPNO) >= 3
SQL> /

no rows selected

SQL> -- QUESTION2
SQL> 
SQL> SELECT DEPTNO, SUM(SAL), COUNT(*)
  2  FROM EMP
  3  GROUP BY DEPTNO
  4  HAVING COUNT(DEPTNO) >3;

    DEPTNO   SUM(SAL)   COUNT(*)                                                                                                                                                                        
---------- ---------- ----------                                                                                                                                                                        
        30       9400          6                                                                                                                                                                        
        20      10875          5                                                                                                                                                                        

SQL> -- QUESTION3
SQL> SELECT COUNT(*), SAL
  2  FROM EMP[
  3  ED
  4  
SQL> 
SQL> SELECT COUNT(*), SAL
  2  FROM EMP
  3  WHERE SAL>3800
  4  GROUP BY JOB
  5  HAVING SUM(SAL)>3800;
SELECT COUNT(*), SAL
                 *
ERROR at line 1:
ORA-00979: not a GROUP BY expression 


SQL> ED
Wrote file afiedt.buf

  1  SELECT COUNT(*), SUM(SAL)
  2  FROM EMP
  3  WHERE SAL>1200
  4  GROUP BY JOB
  5* HAVING SUM(SAL)>3800
SQL> /

  COUNT(*)   SUM(SAL)                                                                                                                                                                                   
---------- ----------                                                                                                                                                                                   
         4       5600                                                                                                                                                                                   
         1       5000                                                                                                                                                                                   
         3       8275                                                                                                                                                                                   
         2       6000                                                                                                                                                                                   

SQL> -- QUESTION 5
SQL> 
SQL> SELECT DEPTNO, COUNT(*)
  2  FROM EMP
  3  WHERE MANAGER>=2
  4  GROUP BY DEPTNO
  5  HAVING COUNT(DEPTNO);
HAVING COUNT(DEPTNO)
                   *
ERROR at line 5:
ORA-00920: invalid relational operator 


SQL> ED
Wrote file afiedt.buf

  1  SELECT DEPTNO, COUNT(*)
  2  FROM EMP
  3  WHERE JOB = 'MANAGER'
  4  GROUP BY DEPTNO
  5* HAVING COUNT(*) = 2
SQL> /

no rows selected

SQL> -- QUESTION 5
SQL> SELECT JOB ,MAX(SAL)
  2  FROM EMP
  3  GROUP BY JOB
  4  HAVING MAX(SAL)>2600;

JOB         MAX(SAL)                                                                                                                                                                                    
--------- ----------                                                                                                                                                                                    
PRESIDENT       5000                                                                                                                                                                                    
MANAGER         2975                                                                                                                                                                                    
ANALYST         3000                                                                                                                                                                                    

SQL> -- QUESTION 6
SQL> SELECT COUNT(*), SAL
  2  FROM EMP
  3  GROUP BY SAL
  4  HAVING COUNT(*)>2;

no rows selected

SQL> -- QUESTION 7
SQL> ED
Wrote file afiedt.buf

  1  SELECT COUNT(*), SAL
  2  FROM EMP
  3  GROUP BY SAL
  4* HAVING COUNT(*) = 2
SQL> /

  COUNT(*)        SAL                                                                                                                                                                                   
---------- ----------                                                                                                                                                                                   
         2       1250                                                                                                                                                                                   
         2       3000                                                                                                                                                                                   

SQL> -- QUESTION 7
SQL> SELECT COUNT(*), HIREDATE
  2  FROM EMP
  3  GROUP BY HIREDATE
  4  HAVING COUNT(HIREDATE) = 2;

  COUNT(*) HIREDATE                                                                                                                                                                                     
---------- ---------                                                                                                                                                                                    
         2 03-DEC-81                                                                                                                                                                                    

SQL> -- QUESTION 8
SQL> SELECT AVG(SAL), DEPTNO
  2  FROM EMP
  3  GROUP BY DEPTNO
  4  HAVING AVG(SAL)<3000;

  AVG(SAL)     DEPTNO                                                                                                                                                                                   
---------- ----------                                                                                                                                                                                   
1566.66667         30                                                                                                                                                                                   
      2175         20                                                                                                                                                                                   
2916.66667         10                                                                                                                                                                                   

SQL> -- QUESTION 9
SQL> SELECT DEPTNO
  2  FROM EMP
  3  WHERE ENAME LIKE '%A%' OR ENAME LIKE '%S%'
  4  GROUP BY DEPTNO
  5  HAVING COUNT(ENAME)>3;

no rows selected

SQL> -- QUESTION 10
SQL> SELECT MIN(SAL), MAX(SAL) ,JOB
  2  FROM EMP
  3  GROUP BY JOB
  4  HAVING MIN(SAL)>1000 AND MAX(SAL)<5000;

  MIN(SAL)   MAX(SAL) JOB                                                                                                                                                                               
---------- ---------- ---------                                                                                                                                                                         
      1250       1600 SALESMAN                                                                                                                                                                          
      2450       2975 MANAGER                                                                                                                                                                           
      3000       3000 ANALYST                                                                                                                                                                           

SQL> SPOOL OFF;
